Microchip MPLAB XC8 Compiler V2.41

Linker command line:

-W-3 \
  --edf=C:\Program Files\Microchip\xc8\v2.41\pic\dat\20230208172133_en.msgs \
  -cn -h+dist/default/production\learn_pic18.production.sym \
  --cmf=dist/default/production\learn_pic18.production.cmf -z -Q18F4620 \
  -oC:\Users\user\AppData\Local\Temp\xcAsjng.\driver_tmp_3.o \
  --defsym=__MPLAB_BUILD=1 --fixupoverflow=error \
  -Mdist/default/production/learn_pic18.production.map \
  --md=C:\Users\user\AppData\Local\Temp\xcAsjng.\driver_tmp_0.dat -E1 \
  -ver=XC8 Compiler --acfsm=1493 -ACODE=00h-0FFFFh -ACONST=00h-0FFFFh \
  -ASMALLCONST=01000h-010FFhx240 -AMEDIUMCONST=01000h-0FFFFh \
  -ACOMRAM=01h-07Fh -AABS1=00h-0F7Fh -ABIGRAM=01h-0F7Fh \
  -ARAM=080h-0FFh,0100h-01FFhx14,0F00h-0F7Fh -ABANK0=080h-0FFh \
  -ABANK1=0100h-01FFh -ABANK2=0200h-02FFh -ABANK3=0300h-03FFh \
  -ABANK4=0400h-04FFh -ABANK5=0500h-05FFh -ABANK6=0600h-06FFh \
  -ABANK7=0700h-07FFh -ABANK8=0800h-08FFh -ABANK9=0900h-09FFh \
  -ABANK10=0A00h-0AFFh -ABANK11=0B00h-0BFFh -ABANK12=0C00h-0CFFh \
  -ABANK13=0D00h-0DFFh -ABANK14=0E00h-0EFFh -ABANK15=0F00h-0F7Fh \
  -ASFR=0F80h-0FFFh -ABIGSFR=0F80h-0FFFh -ACONFIG=0300000h-030000Dh \
  -AIDLOC=0200000h-0200007h -AEEDATA=0F00000h-0F003FFh -peeprom_data=EEDATA \
  -preset_vec=00h,intcode=08h,intcodelo,powerup,init -pramtop=01000h \
  -psmallconst=SMALLCONST -pmediumconst=MEDIUMCONST -pconst=CONST \
  -AFARRAM=00h-00h \
  -prdata=COMRAM,nvrram=COMRAM,nvbit=COMRAM,rbss=COMRAM,rbit=COMRAM \
  -pfarbss=FARRAM,fardata=FARRAM,nvFARRAM=FARRAM \
  -pintsave_regs=BIGRAM,bigbss=BIGRAM,bigdata=BIGRAM -pbss=RAM \
  -pidata=CODE,irdata=CODE,ibigdata=CODE,ifardata=CODE -prparam=COMRAM \
  C:\Users\user\AppData\Local\Temp\xcAsjng.\driver_tmp_9.o \
  dist/default/production\learn_pic18.production.o 

Object code version is 3.11

Machine type is 18F4620



                Name                               Link     Load   Length Selector   Space Scale
C:\Users\user\AppData\Local\Temp\xcAsjng.\driver_tmp_9.o
                idloc                            200000   200000        8        0       5
                config                           300000   300000        E        0       4
                init                                  E        E        4        4       0
                reset_vec                             0        0        4        0       0
dist/default/production\learn_pic18.production.o
                intcode                               8        8        6        4       0
                idloc                            200000   200000        8        0       5
                config                           300000   300000        E        0       4
                temp                                 7D       7D        1        1       1
                smallconst                         1000     1000       16      800       0
                text31                             2464     2464        4     121F       0
                text30                             2460     2460        4     121F       0
                text29                             245C     245C        4     121F       0
                text28                             2470     2470        2     121F       0
                text27                             2458     2458        4     121F       0
                text26                             246E     246E        2     121F       0
                text25                             246C     246C        2     121F       0
                text24                             2454     2454        4     121F       0
                text23                             2450     2450        4     121F       0
                text22                             244C     244C        4     121F       0
                text21                             23F4     23F4       1A     11D3       0
                text20                             23DA     23DA       1A     11D3       0
                text19                             23C0     23C0       1A     11D3       0
                text18                             23A6     23A6       1A     11D3       0
                text17                             246A     246A        2     121F       0
                text16                             2426     2426        C     11D3       0
                text15                             241A     241A        C     11D3       0
                text14                             243E     243E        8     121F       0
                text13                             240E     240E        C     11D3       0
                intcode_body                       14D6     14D6      406      80B       0
                text11                             1016     1016      4C0      80B       0
                text10                             18DC     18DC      39A      80B       0
                text9                              2008     2008      106      80B       0
                text8                              1E54     1E54      1B4      80B       0
                text7                              1C76     1C76      1DE      80B       0
                text6                              233A     233A       46      80B       0
                text5                              22F4     22F4       46      80B       0
                text4                              21C4     21C4       82      80B       0
                text3                              22A8     22A8       4C      80B       0
                text2                              2468     2468        2     121F       0
                text1                              2446     2446        6     121F       0
                text0                              210E     210E       B6      80B       0
                cstackCOMRAM                          1        1       46        1       1
                cstackBANK0                          BD       BD        2       80       1
                dataBANK0                            80       80       25       80       1
                bssBANK0                             A5       A5       18       80       1
                dataCOMRAM                           72       72        B        1       1
                bssCOMRAM                            47       47       2B        1       1
                cinit                              2246     2246       62      80B       0
                idataBANK0                         2380     2380       25      80B       0
                idataCOMRAM                        2432     2432        B     11D3       0

TOTAL           Name                               Link     Load   Length     Space
        CLASS   CODE           
                intcode                               8        8        6         0
                init                                  E        E        4         0
                reset_vec                             0        0        4         0
                text31                             2464     2464        4         0
                text30                             2460     2460        4         0
                text29                             245C     245C        4         0
                text28                             2470     2470        2         0
                text27                             2458     2458        4         0
                text26                             246E     246E        2         0
                text25                             246C     246C        2         0
                text24                             2454     2454        4         0
                text23                             2450     2450        4         0
                text22                             244C     244C        4         0
                text21                             23F4     23F4       1A         0
                text20                             23DA     23DA       1A         0
                text19                             23C0     23C0       1A         0
                text18                             23A6     23A6       1A         0
                text17                             246A     246A        2         0
                text16                             2426     2426        C         0
                text15                             241A     241A        C         0
                text14                             243E     243E        8         0
                text13                             240E     240E        C         0
                intcode_body                       14D6     14D6      406         0
                text11                             1016     1016      4C0         0
                text10                             18DC     18DC      39A         0
                text9                              2008     2008      106         0
                text8                              1E54     1E54      1B4         0
                text7                              1C76     1C76      1DE         0
                text6                              233A     233A       46         0
                text5                              22F4     22F4       46         0
                text4                              21C4     21C4       82         0
                text3                              22A8     22A8       4C         0
                text2                              2468     2468        2         0
                text1                              2446     2446        6         0
                text0                              210E     210E       B6         0
                cinit                              2246     2246       62         0
                idataBANK0                         2380     2380       25         0
                idataCOMRAM                        2432     2432        B         0

        CLASS   CONST          

        CLASS   SMALLCONST     
                smallconst                         1000     1000       16         0

        CLASS   MEDIUMCONST    

        CLASS   COMRAM         
                temp                                 7D       7D        1         1
                cstackCOMRAM                          1        1       46         1
                dataCOMRAM                           72       72        B         1
                bssCOMRAM                            47       47       2B         1

        CLASS   ABS1           

        CLASS   BIGRAM         

        CLASS   RAM            

        CLASS   BANK0          
                cstackBANK0                          BD       BD        2         1
                dataBANK0                            80       80       25         1
                bssBANK0                             A5       A5       18         1

        CLASS   BANK1          

        CLASS   BANK2          

        CLASS   BANK3          

        CLASS   BANK4          

        CLASS   BANK5          

        CLASS   BANK6          

        CLASS   BANK7          

        CLASS   BANK8          

        CLASS   BANK9          

        CLASS   BANK10         

        CLASS   BANK11         

        CLASS   BANK12         

        CLASS   BANK13         

        CLASS   BANK14         

        CLASS   BANK15         

        CLASS   SFR            

        CLASS   BIGSFR         

        CLASS   CONFIG         
                config                           300000   300000        E         4

        CLASS   IDLOC          
                idloc                            200000   200000        8         5

        CLASS   EEDATA         

        CLASS   FARRAM         

        CLASS   HEAP           

        CLASS   STACK          



SEGMENTS        Name                           Load    Length   Top    Selector   Space  Class

                reset_vec                      000000  000004  000004         0       0  CODE    
                cstackCOMRAM                   000001  00007D  00007E         1       1  COMRAM  
                intcode                        000008  00000A  000012         4       0  CODE    
                dataBANK0                      000080  00003F  0000BF        80       1  BANK0   
                smallconst                     001000  000016  001016       800       0  SMALLCON
                text11                         001016  00138F  0023A5       80B       0  CODE    
                text18                         0023A6  000097  00243D      11D3       0  CODE    
                text14                         00243E  000034  002472      121F       0  CODE    


UNUSED ADDRESS RANGES

        Name                Unused          Largest block    Delta
        BANK0            0000BF-0000FF               41
        BANK1            000100-0001FF              100
        BANK10           000A00-000AFF              100
        BANK11           000B00-000BFF              100
        BANK12           000C00-000CFF              100
        BANK13           000D00-000DFF              100
        BANK14           000E00-000EFF              100
        BANK15           000F00-000F7F               80
        BANK2            000200-0002FF              100
        BANK3            000300-0003FF              100
        BANK4            000400-0004FF              100
        BANK5            000500-0005FF              100
        BANK6            000600-0006FF              100
        BANK7            000700-0007FF              100
        BANK8            000800-0008FF              100
        BANK9            000900-0009FF              100
        BIGRAM           00007E-00007F                2
                         0000BF-000F7F              EC1
        BIGSFR           000F80-000FFF               80
        CODE             000004-000007                4
                         000012-000FFF              FEE
                         0023A5-0023A5                1
                         00243D-00243D                1
                         002472-00FFFF             DB8E
        COMRAM           00007E-00007F                2
        CONST            000004-000007                4
                         000012-000FFF              FEE
                         0023A5-0023A5                1
                         00243D-00243D                1
                         002472-00FFFF             DB8E
        EEDATA           F00000-F003FF              400
        MEDIUMCONST      0023A5-0023A5                1
                         00243D-00243D                1
                         002472-00FFFF             DB8E
        RAM              0000BF-000F7F              100
        SFR              000F80-000FFF               80
        SMALLCONST       0023A5-0023A5                1
                         00243D-00243D                1
                         002472-00FFFF              100

                                  Symbol Table

?___fladd                                   cstackCOMRAM 000029
?___fldiv                                   cstackCOMRAM 000010
?___fltol                                   cstackCOMRAM 000039
?___xxtofl                                  cstackCOMRAM 000002
CCP_Compare_Mode_Set_Value@F3293            bssCOMRAM    000061
I2C_Init@i2c_obj                            cstackCOMRAM 000043
I2C_Init@ret                                cstackCOMRAM 000046
I2C_Master_Send_Start@i2c_obj               cstackCOMRAM 000002
I2C_Master_Send_Start@ret                   cstackCOMRAM 000004
I2C_Master_Send_Stop@i2c_obj                cstackCOMRAM 000002
I2C_Master_Send_Stop@ret                    cstackCOMRAM 000004
I2C_Master_Write_Data_WithBlocking@_ack     cstackCOMRAM 000005
I2C_Master_Write_Data_WithBlocking@i2c_data cstackCOMRAM 000004
I2C_Master_Write_Data_WithBlocking@i2c_obj  cstackCOMRAM 000002
I2C_Master_Write_Data_WithBlocking@ret      cstackCOMRAM 000007
I2C_sendByte@_data                          cstackCOMRAM 000008
I2C_sendByte@slave_add                      cstackCOMRAM 000009
RB4_ISR@RB4_Source                          cstackCOMRAM 000001
RB5_ISR@RB5_Source                          cstackCOMRAM 000001
RB6_ISR@RB6_Source                          cstackCOMRAM 000001
RB7_ISR@RB7_Source                          cstackCOMRAM 000001
SPI_Master_Mode_Pins_Config@F3259           dataCOMRAM   000078
SPI_Master_Mode_Pins_Config@F3261           dataCOMRAM   000077
SPI_Master_Mode_Pins_Config@F3263           dataCOMRAM   000076
SPI_Slave_Mode_Pins_Config@F3268            dataCOMRAM   000075
SPI_Slave_Mode_Pins_Config@F3270            dataCOMRAM   000074
SPI_Slave_Mode_Pins_Config@F3272            dataCOMRAM   000073
SPI_Slave_Mode_Pins_Config@F3274            dataCOMRAM   000072
_ADCON0bits                                 (abs)        000FC2
_ADCON1bits                                 (abs)        000FC1
_ADCON2bits                                 (abs)        000FC0
_ADC_ISR                                    text31       002464
_ADC_InterruptHandler                       bssCOMRAM    000067
_ADRESH                                     (abs)        000FC4
_ADRESL                                     (abs)        000FC3
_BAUDCONbits                                (abs)        000FB8
_CCP1CONbits                                (abs)        000FBD
_CCP1_ISR                                   text30       002460
_CCP1_InterruptHandler                      bssCOMRAM    000065
_CCP2CONbits                                (abs)        000FBA
_CCP2_ISR                                   text29       00245C
_CCP2_InterruptHandler                      bssCOMRAM    000063
_CCPR1H                                     (abs)        000FBF
_CCPR1L                                     (abs)        000FBE
_CCPR2H                                     (abs)        000FBC
_CCPR2L                                     (abs)        000FBB
_EEADR                                      (abs)        000FA9
_EEADRH                                     (abs)        000FAA
_EECON1bits                                 (abs)        000FA6
_EECON2                                     (abs)        000FA7
_EEDATA                                     (abs)        000FA8
_EUSART_FramingErrorInterruptHandler        bssBANK0     0000AB
_EUSART_OverrunErrorInterruptHandler        bssBANK0     0000A9
_EUSART_RX_ISR                              text28       002470
_EUSART_RxDefaultInterruptHandler           bssBANK0     0000AD
_EUSART_TX_ISR                              text27       002458
_EUSART_TxDefaultInterruptHandler           bssBANK0     0000AF
_I2C_BC_ISR                                 text26       00246E
_I2C_ISR                                    text25       00246C
_I2C_Init                                   text7        001C76
_I2C_Master_Send_Start                      text6        00233A
_I2C_Master_Send_Stop                       text5        0022F4
_I2C_Master_Write_Data_WithBlocking         text4        0021C4
_I2C_sendByte                               text3        0022A8
_INT0_ISR                                   text24       002454
_INT0_InterruptHandler                      bssCOMRAM    00005F
_INT1_ISR                                   text23       002450
_INT1_InterruptHandler                      bssCOMRAM    00005D
_INT2_ISR                                   text22       00244C
_INT2_InterruptHandler                      bssCOMRAM    00005B
_INTCON2bits                                (abs)        000FF1
_INTCON3bits                                (abs)        000FF0
_INTCONbits                                 (abs)        000FF2
_InterruptManager                           intcode      000008
_LATA                                       (abs)        000F89
_LATB                                       (abs)        000F8A
_LATC                                       (abs)        000F8B
_LATD                                       (abs)        000F8C
_LATE                                       (abs)        000F8D
_PIE1bits                                   (abs)        000F9D
_PIE2bits                                   (abs)        000FA0
_PIR1bits                                   (abs)        000F9E
_PIR2bits                                   (abs)        000FA1
_PORTA                                      (abs)        000F80
_PORTB                                      (abs)        000F81
_PORTBbits                                  (abs)        000F81
_PORTC                                      (abs)        000F82
_PORTD                                      (abs)        000F83
_PORTE                                      (abs)        000F84
_RB4_Flag                                   dataCOMRAM   00007C
_RB4_ISR                                    text21       0023F4
_RB4_InterruptHandler_ChangedTOHigh         bssCOMRAM    000059
_RB4_InterruptHandler_ChangedTOLow          bssCOMRAM    000057
_RB5_Flag                                   dataCOMRAM   00007B
_RB5_ISR                                    text20       0023DA
_RB5_InterruptHandler_ChangedTOHigh         bssCOMRAM    000055
_RB5_InterruptHandler_ChangedTOLow          bssCOMRAM    000053
_RB6_Flag                                   dataCOMRAM   00007A
_RB6_ISR                                    text19       0023C0
_RB6_InterruptHandler_ChangedTOHigh         bssCOMRAM    000051
_RB6_InterruptHandler_ChangedTOLow          bssCOMRAM    00004F
_RB7_Flag                                   dataCOMRAM   000079
_RB7_ISR                                    text18       0023A6
_RB7_InterruptHandler_ChangedTOHigh         bssCOMRAM    00004D
_RB7_InterruptHandler_ChangedTOLow          bssBANK0     0000BB
_RCREG                                      (abs)        000FAE
_RCSTAbits                                  (abs)        000FAB
_SPBRG                                      (abs)        000FAF
_SPBRGH                                     (abs)        000FB0
_SPI_ISR                                    text17       00246A
_SPI_InterruptHandler                       bssBANK0     0000B9
_SSPADD                                     (abs)        000FC8
_SSPBUF                                     (abs)        000FC9
_SSPCON1bits                                (abs)        000FC6
_SSPCON2bits                                (abs)        000FC5
_SSPSTATbits                                (abs)        000FC7
_T0CONbits                                  (abs)        000FD5
_T1CONbits                                  (abs)        000FCD
_T2CONbits                                  (abs)        000FCA
_T3CONbits                                  (abs)        000FB1
_TMR0H                                      (abs)        000FD7
_TMR0L                                      (abs)        000FD6
_TMR0_ISR                                   text16       002426
_TMR0_InterruptHandler                      bssBANK0     0000B7
_TMR1H                                      (abs)        000FCF
_TMR1L                                      (abs)        000FCE
_TMR1_ISR                                   text15       00241A
_TMR1_InterruptHandler                      bssBANK0     0000B5
_TMR2                                       (abs)        000FCC
_TMR2_ISR                                   text14       00243E
_TMR2_InterruptHandler                      bssBANK0     0000B3
_TMR3H                                      (abs)        000FB3
_TMR3L                                      (abs)        000FB2
_TMR3_ISR                                   text13       00240E
_TMR3_InterruptHandler                      bssBANK0     0000B1
_TRISA                                      (abs)        000F92
_TRISB                                      (abs)        000F93
_TRISC                                      (abs)        000F94
_TRISCbits                                  (abs)        000F94
_TRISD                                      (abs)        000F95
_TRISE                                      (abs)        000F96
_TXREG                                      (abs)        000FAD
_TXSTAbits                                  (abs)        000FAC
__HRAM                                      (abs)        000000
__H__absolute__                             __absolute__ 000000
__Habs1                                     abs1         000000
__Hbank0                                    bank0        000000
__Hbank1                                    bank1        000000
__Hbank10                                   bank10       000000
__Hbank11                                   bank11       000000
__Hbank12                                   bank12       000000
__Hbank13                                   bank13       000000
__Hbank14                                   bank14       000000
__Hbank15                                   bank15       000000
__Hbank2                                    bank2        000000
__Hbank3                                    bank3        000000
__Hbank4                                    bank4        000000
__Hbank5                                    bank5        000000
__Hbank6                                    bank6        000000
__Hbank7                                    bank7        000000
__Hbank8                                    bank8        000000
__Hbank9                                    bank9        000000
__Hbigbss                                   bigbss       000000
__Hbigdata                                  bigdata      000000
__Hbigram                                   bigram       000000
__Hbigsfr                                   bigsfr       000000
__Hbss                                      bss          000000
__HbssBANK0                                 bssBANK0     000000
__HbssCOMRAM                                bssCOMRAM    000000
__Hcinit                                    cinit        000000
__Hclrtext                                  clrtext      000000
__Hcomram                                   comram       000000
__Hconfig                                   config       30000E
__Hconst                                    const        000000
__HcstackBANK0                              cstackBANK0  000000
__HcstackCOMRAM                             cstackCOMRAM 000000
__Hdata                                     data         000000
__HdataBANK0                                dataBANK0    000000
__HdataCOMRAM                               dataCOMRAM   000000
__Heeprom_data                              eeprom_data  000000
__Hfarbss                                   farbss       000000
__Hfardata                                  fardata      000000
__Hheap                                     heap         000000
__Hibigdata                                 ibigdata     000000
__Hidata                                    idata        000000
__HidataBANK0                               idataBANK0   000000
__HidataCOMRAM                              idataCOMRAM  000000
__Hidloc                                    idloc        200008
__Hifardata                                 ifardata     000000
__Hinit                                     init         000012
__Hintcode                                  intcode      00000E
__Hintcode_body                             intcode_body 000000
__Hintcodelo                                intcodelo    00000E
__Hintentry                                 intentry     000000
__Hintret                                   intret       000000
__Hintsave_regs                             intsave_regs 000000
__Hirdata                                   irdata       000000
__Hmediumconst                              mediumconst  000000
__HnvFARRAM                                 nvFARRAM     000000
__Hnvbit                                    nvbit        000000
__Hnvrram                                   nvrram       000000
__Hparam                                    rparam       000000
__Hpowerup                                  powerup      00000E
__Hram                                      ram          000000
__Hramtop                                   ramtop       001000
__Hrbit                                     rbit         000000
__Hrbss                                     rbss         000000
__Hrdata                                    rdata        000000
__Hreset_vec                                reset_vec    000004
__Hrparam                                   rparam       000000
__Hsfr                                      sfr          000000
__Hsmallconst                               smallconst   001016
__Hspace_0                                  (abs)        002472
__Hspace_1                                  (abs)        0000BF
__Hspace_2                                  (abs)        000000
__Hspace_4                                  (abs)        60000E
__Hstack                                    stack        000000
__Hstruct                                   struct       000000
__Htemp                                     temp         00007E
__Htext                                     text         000000
__Htext0                                    text0        000000
__Htext1                                    text1        000000
__Htext10                                   text10       000000
__Htext11                                   text11       000000
__Htext13                                   text13       000000
__Htext14                                   text14       000000
__Htext15                                   text15       000000
__Htext16                                   text16       000000
__Htext17                                   text17       000000
__Htext18                                   text18       000000
__Htext19                                   text19       000000
__Htext2                                    text2        000000
__Htext20                                   text20       000000
__Htext21                                   text21       000000
__Htext22                                   text22       000000
__Htext23                                   text23       000000
__Htext24                                   text24       000000
__Htext25                                   text25       000000
__Htext26                                   text26       000000
__Htext27                                   text27       000000
__Htext28                                   text28       000000
__Htext29                                   text29       000000
__Htext3                                    text3        000000
__Htext30                                   text30       000000
__Htext31                                   text31       000000
__Htext4                                    text4        000000
__Htext5                                    text5        000000
__Htext6                                    text6        000000
__Htext7                                    text7        000000
__Htext8                                    text8        000000
__Htext9                                    text9        000000
__LRAM                                      (abs)        000001
__L__absolute__                             __absolute__ 000000
__Labs1                                     abs1         000000
__Lbank0                                    bank0        000000
__Lbank1                                    bank1        000000
__Lbank10                                   bank10       000000
__Lbank11                                   bank11       000000
__Lbank12                                   bank12       000000
__Lbank13                                   bank13       000000
__Lbank14                                   bank14       000000
__Lbank15                                   bank15       000000
__Lbank2                                    bank2        000000
__Lbank3                                    bank3        000000
__Lbank4                                    bank4        000000
__Lbank5                                    bank5        000000
__Lbank6                                    bank6        000000
__Lbank7                                    bank7        000000
__Lbank8                                    bank8        000000
__Lbank9                                    bank9        000000
__Lbigbss                                   bigbss       000000
__Lbigdata                                  bigdata      000000
__Lbigram                                   bigram       000000
__Lbigsfr                                   bigsfr       000000
__Lbss                                      bss          000000
__LbssBANK0                                 bssBANK0     000000
__LbssCOMRAM                                bssCOMRAM    000000
__Lcinit                                    cinit        000000
__Lclrtext                                  clrtext      000000
__Lcomram                                   comram       000000
__Lconfig                                   config       000000
__Lconst                                    const        000000
__LcstackBANK0                              cstackBANK0  000000
__LcstackCOMRAM                             cstackCOMRAM 000000
__Ldata                                     data         000000
__LdataBANK0                                dataBANK0    000000
__LdataCOMRAM                               dataCOMRAM   000000
__Leeprom_data                              eeprom_data  000000
__Lfarbss                                   farbss       000000
__Lfardata                                  fardata      000000
__Lheap                                     heap         000000
__Libigdata                                 ibigdata     000000
__Lidata                                    idata        000000
__LidataBANK0                               idataBANK0   000000
__LidataCOMRAM                              idataCOMRAM  000000
__Lidloc                                    idloc        000000
__Lifardata                                 ifardata     000000
__Linit                                     init         00000E
__Lintcode                                  intcode      000008
__Lintcode_body                             intcode_body 000000
__Lintcodelo                                intcodelo    00000E
__Lintentry                                 intentry     000000
__Lintret                                   intret       000000
__Lintsave_regs                             intsave_regs 000000
__Lirdata                                   irdata       000000
__Lmediumconst                              mediumconst  000000
__LnvFARRAM                                 nvFARRAM     000000
__Lnvbit                                    nvbit        000000
__Lnvrram                                   nvrram       000000
__Lparam                                    rparam       000000
__Lpowerup                                  powerup      00000E
__Lram                                      ram          000000
__Lramtop                                   ramtop       001000
__Lrbit                                     rbit         000000
__Lrbss                                     rbss         000000
__Lrdata                                    rdata        000000
__Lreset_vec                                reset_vec    000000
__Lrparam                                   rparam       000000
__Lsfr                                      sfr          000000
__Lsmallconst                               smallconst   001000
__Lspace_0                                  (abs)        000000
__Lspace_1                                  (abs)        000000
__Lspace_2                                  (abs)        000000
__Lspace_4                                  (abs)        000000
__Lstack                                    stack        000000
__Lstruct                                   struct       000000
__Ltemp                                     temp         00007D
__Ltext                                     text         000000
__Ltext0                                    text0        000000
__Ltext1                                    text1        000000
__Ltext10                                   text10       000000
__Ltext11                                   text11       000000
__Ltext13                                   text13       000000
__Ltext14                                   text14       000000
__Ltext15                                   text15       000000
__Ltext16                                   text16       000000
__Ltext17                                   text17       000000
__Ltext18                                   text18       000000
__Ltext19                                   text19       000000
__Ltext2                                    text2        000000
__Ltext20                                   text20       000000
__Ltext21                                   text21       000000
__Ltext22                                   text22       000000
__Ltext23                                   text23       000000
__Ltext24                                   text24       000000
__Ltext25                                   text25       000000
__Ltext26                                   text26       000000
__Ltext27                                   text27       000000
__Ltext28                                   text28       000000
__Ltext29                                   text29       000000
__Ltext3                                    text3        000000
__Ltext30                                   text30       000000
__Ltext31                                   text31       000000
__Ltext4                                    text4        000000
__Ltext5                                    text5        000000
__Ltext6                                    text6        000000
__Ltext7                                    text7        000000
__Ltext8                                    text8        000000
__Ltext9                                    text9        000000
__S0                                        (abs)        002472
__S1                                        (abs)        0000BF
__S4                                        (abs)        000000
__S5                                        (abs)        000000
___fladd                                    text11       001016
___fladd@a                                  cstackCOMRAM 00002D
___fladd@aexp                               cstackCOMRAM 000036
___fladd@b                                  cstackCOMRAM 000029
___fladd@bexp                               cstackCOMRAM 000037
___fladd@grs                                cstackCOMRAM 000038
___fladd@signs                              cstackCOMRAM 000035
___fldiv                                    text10       0018DC
___fldiv@a                                  cstackCOMRAM 000014
___fldiv@aexp                               cstackCOMRAM 000028
___fldiv@b                                  cstackCOMRAM 000010
___fldiv@bexp                               cstackCOMRAM 000027
___fldiv@grs                                cstackCOMRAM 000023
___fldiv@new_exp                            cstackCOMRAM 000021
___fldiv@rem                                cstackCOMRAM 00001C
___fldiv@sign                               cstackCOMRAM 000020
___fltol                                    text9        002008
___fltol@exp1                               cstackCOMRAM 000042
___fltol@f1                                 cstackCOMRAM 000039
___fltol@sign1                              cstackCOMRAM 000041
___heap_hi                                  (abs)        000000
___heap_lo                                  (abs)        000000
___inthi_sp                                 stack        000000
___intlo_sp                                 stack        000000
___param_bank                               (abs)        000000
___rparam_used                              (abs)        000001
___sp                                       stack        000000
___xxtofl                                   text8        001E54
___xxtofl@arg                               cstackCOMRAM 00000C
___xxtofl@exp                               cstackCOMRAM 00000B
___xxtofl@sign                              cstackCOMRAM 00000A
___xxtofl@val                               cstackCOMRAM 000002
__accesstop                                 (abs)        000080
__activetblptr                              (abs)        000003
__end_of_ADC_ISR                            text31       002468
__end_of_CCP1_ISR                           text30       002464
__end_of_CCP2_ISR                           text29       002460
__end_of_EUSART_RX_ISR                      text28       002472
__end_of_EUSART_TX_ISR                      text27       00245C
__end_of_I2C_BC_ISR                         text26       002470
__end_of_I2C_ISR                            text25       00246E
__end_of_I2C_Init                           text7        001E54
__end_of_I2C_Master_Send_Start              text6        002380
__end_of_I2C_Master_Send_Stop               text5        00233A
__end_of_I2C_Master_Write_Data_WithBlocking text4        002246
__end_of_I2C_sendByte                       text3        0022F4
__end_of_INT0_ISR                           text24       002458
__end_of_INT1_ISR                           text23       002454
__end_of_INT2_ISR                           text22       002450
__end_of_InterruptManager                   intcode_body 0018DC
__end_of_RB4_ISR                            text21       00240E
__end_of_RB5_ISR                            text20       0023F4
__end_of_RB6_ISR                            text19       0023DA
__end_of_RB7_ISR                            text18       0023C0
__end_of_SPI_ISR                            text17       00246C
__end_of_TMR0_ISR                           text16       002432
__end_of_TMR1_ISR                           text15       002426
__end_of_TMR2_ISR                           text14       002446
__end_of_TMR3_ISR                           text13       00241A
__end_of___fladd                            text11       0014D6
__end_of___fldiv                            text10       001C76
__end_of___fltol                            text9        00210E
__end_of___xxtofl                           text8        002008
__end_of__initialization                    cinit        00229E
__end_of_application_initialize             text1        00244C
__end_of_ecu_layer_initialize               text2        00246A
__end_of_keypad_btn_values                  smallconst   001011
__end_of_main                               text0        0021C4
__initialization                            cinit        002246
__mediumconst                               mediumconst  000000
__pbssBANK0                                 bssBANK0     0000A5
__pbssCOMRAM                                bssCOMRAM    000047
__pcinit                                    cinit        002246
__pcstackBANK0                              cstackBANK0  0000BD
__pcstackCOMRAM                             cstackCOMRAM 000001
__pdataBANK0                                dataBANK0    000080
__pdataCOMRAM                               dataCOMRAM   000072
__pidataBANK0                               idataBANK0   002380
__pidataCOMRAM                              idataCOMRAM  002432
__pintcode                                  intcode      000008
__pintcode_body                             intcode_body 0014D6
__psmallconst                               smallconst   001000
__ptext0                                    text0        00210E
__ptext1                                    text1        002446
__ptext10                                   text10       0018DC
__ptext11                                   text11       001016
__ptext13                                   text13       00240E
__ptext14                                   text14       00243E
__ptext15                                   text15       00241A
__ptext16                                   text16       002426
__ptext17                                   text17       00246A
__ptext18                                   text18       0023A6
__ptext19                                   text19       0023C0
__ptext2                                    text2        002468
__ptext20                                   text20       0023DA
__ptext21                                   text21       0023F4
__ptext22                                   text22       00244C
__ptext23                                   text23       002450
__ptext24                                   text24       002454
__ptext25                                   text25       00246C
__ptext26                                   text26       00246E
__ptext27                                   text27       002458
__ptext28                                   text28       002470
__ptext29                                   text29       00245C
__ptext3                                    text3        0022A8
__ptext30                                   text30       002460
__ptext31                                   text31       002464
__ptext4                                    text4        0021C4
__ptext5                                    text5        0022F4
__ptext6                                    text6        00233A
__ptext7                                    text7        001C76
__ptext8                                    text8        001E54
__ptext9                                    text9        002008
__ramtop                                    ramtop       001000
__smallconst                                smallconst   001000
_app_counter                                bssBANK0     0000A5
_application_initialize                     text1        002446
_ecu_layer_initialize                       text2        002468
_i2c_master                                 dataBANK0    00009E
_keypad_btn_values                          smallconst   001001
_lat_registers                              dataBANK0    00008A
_main                                       text0        00210E
_port_registers                             dataBANK0    000080
_slave_ack                                  bssCOMRAM    000071
_timer0_preload                             bssCOMRAM    00004B
_timer1_preload                             bssCOMRAM    000049
_timer2_preload                             bssCOMRAM    000069
_timer3_preload                             bssCOMRAM    000047
_tris_registers                             dataBANK0    000094
btemp                                       temp         00007D
end_of_initialization                       cinit        00229E
int$flags                                   temp         00007D
int_func                                    intcode_body 0014D6
intlevel0                                   text         000000
intlevel1                                   text         000000
intlevel2                                   text         000000
intlevel3                                   text         000000
isa$std                                     (abs)        000001
isa$xinst                                   (abs)        000000
led_initialize@F3204                        bssCOMRAM    000070
led_turn_off@F3214                          bssCOMRAM    00006E
led_turn_on@F3209                           bssCOMRAM    00006F
led_turn_toggle@F3219                       bssCOMRAM    00006D
relay_initialize@F3198                      bssCOMRAM    00006C
relay_turn_off@F3208                        bssCOMRAM    00006A
relay_turn_on@F3203                         bssCOMRAM    00006B
stackhi                                     (abs)        000000
stacklo                                     (abs)        000000
start                                       init         00000E
start_initialization                        cinit        002246
ttemp5                                      temp         00007E
ttemp6                                      temp         000081
ttemp7                                      temp         000085
wtemp8                                      temp         00007E


MODULE INFORMATION

Module		Function		Class		Link	Load	Size
C:\Program Files\Microchip\xc8\v2.41\pic\sources\c99\common\fltol.c
		___fltol       		CODE           	2008	0000	262

C:\Program Files\Microchip\xc8\v2.41\pic\sources\c99\common\fltol.c estimated size: 262

C:\Program Files\Microchip\xc8\v2.41\pic\sources\c99\common\xxtofl.c
		___xxtofl      		CODE           	1E54	0000	436

C:\Program Files\Microchip\xc8\v2.41\pic\sources\c99\common\xxtofl.c estimated size: 436

C:\Program Files\Microchip\xc8\v2.41\pic\sources\c99\common\sprcadd.c
		___fladd       		CODE           	1016	0000	1216

C:\Program Files\Microchip\xc8\v2.41\pic\sources\c99\common\sprcadd.c estimated size: 1216

MCAL_Layer/SPI/hal_spi.c
		_SPI_ISR       		CODE           	246A	0000	2

MCAL_Layer/SPI/hal_spi.c estimated size: 2

MCAL_Layer/I2C/hal_i2c.c
		_I2C_Master_Send_Start		CODE           	233A	0000	70
		_I2C_Master_Write_Data_WithBlocking		CODE           	21C4	0000	130
		_I2C_ISR       		CODE           	246C	0000	2
		_I2C_Master_Send_Stop		CODE           	22F4	0000	70
		_I2C_Init      		CODE           	1C76	0000	478
		_I2C_BC_ISR    		CODE           	246E	0000	2

MCAL_Layer/I2C/hal_i2c.c estimated size: 752

shared
		_keypad_btn_values		SMALLCONST     	1001	0000	16
		__initialization		CODE           	2246	0000	88

shared estimated size: 104

MCAL_Layer/Interrupt/mcal_external_interrupt.c
		_RB4_ISR       		CODE           	23F4	0000	26
		_RB5_ISR       		CODE           	23DA	0000	26
		_RB6_ISR       		CODE           	23C0	0000	26
		_RB7_ISR       		CODE           	23A6	0000	26
		_INT0_ISR      		CODE           	2454	0000	4
		_INT1_ISR      		CODE           	2450	0000	4
		_INT2_ISR      		CODE           	244C	0000	4

MCAL_Layer/Interrupt/mcal_external_interrupt.c estimated size: 116

MCAL_Layer/ADC/hal_adc.c
		_ADC_ISR       		CODE           	2464	0000	4

MCAL_Layer/ADC/hal_adc.c estimated size: 4

MCAL_Layer/Interrupt/mcal_interrupt_manager.c
		_InterruptManager		CODE           	0008	0000	1036

MCAL_Layer/Interrupt/mcal_interrupt_manager.c estimated size: 1036

MCAL_Layer/USART/hal_usart.c
		_EUSART_RX_ISR 		CODE           	2470	0000	2
		_EUSART_TX_ISR 		CODE           	2458	0000	4

MCAL_Layer/USART/hal_usart.c estimated size: 6

ECU_Layer/ecu_layer_init.c
		_ecu_layer_initialize		CODE           	2468	0000	2

ECU_Layer/ecu_layer_init.c estimated size: 2

application.c
		_I2C_sendByte  		CODE           	22A8	0000	76
		_application_initialize		CODE           	2446	0000	6
		_main          		CODE           	210E	0000	182

application.c estimated size: 264

MCAL_Layer/Timer3/hal_timer3.c
		_TMR3_ISR      		CODE           	240E	0000	12

MCAL_Layer/Timer3/hal_timer3.c estimated size: 12

MCAL_Layer/Timer2/hal_timer2.c
		_TMR2_ISR      		CODE           	243E	0000	8

MCAL_Layer/Timer2/hal_timer2.c estimated size: 8

MCAL_Layer/Timer1/hal_timer1.c
		_TMR1_ISR      		CODE           	241A	0000	12

MCAL_Layer/Timer1/hal_timer1.c estimated size: 12

MCAL_Layer/Timer0/hal_timer0.c
		_TMR0_ISR      		CODE           	2426	0000	12

MCAL_Layer/Timer0/hal_timer0.c estimated size: 12

MCAL_Layer/CCP/hal_ccp.c
		_CCP1_ISR      		CODE           	2460	0000	4
		_CCP2_ISR      		CODE           	245C	0000	4

MCAL_Layer/CCP/hal_ccp.c estimated size: 8

C:\Program Files\Microchip\xc8\v2.41\pic\sources\c99\common\sprcdiv.c
		___fldiv       		CODE           	18DC	0000	922

C:\Program Files\Microchip\xc8\v2.41\pic\sources\c99\common\sprcdiv.c estimated size: 922

